Archive member included to satisfy reference by file (symbol)

c:/st/stm32cubeide_1.4.0/stm32cubeide/plugins/com.st.stm32cube.ide.mcu.externaltools.gnu-tools-for-stm32.7-2018-q2-update.win32_1.4.0.202007081208/tools/bin/../lib/gcc/arm-none-eabi/7.3.1/../../../../arm-none-eabi/lib/thumb/v7-m\libc_nano.a(lib_a-errno.o)
                              Src/syscalls.o (__errno)
c:/st/stm32cubeide_1.4.0/stm32cubeide/plugins/com.st.stm32cube.ide.mcu.externaltools.gnu-tools-for-stm32.7-2018-q2-update.win32_1.4.0.202007081208/tools/bin/../lib/gcc/arm-none-eabi/7.3.1/../../../../arm-none-eabi/lib/thumb/v7-m\libc_nano.a(lib_a-exit.o)
                              c:/st/stm32cubeide_1.4.0/stm32cubeide/plugins/com.st.stm32cube.ide.mcu.externaltools.gnu-tools-for-stm32.7-2018-q2-update.win32_1.4.0.202007081208/tools/bin/../lib/gcc/arm-none-eabi/7.3.1/../../../../arm-none-eabi/lib/thumb/v7-m/crt0.o (exit)
c:/st/stm32cubeide_1.4.0/stm32cubeide/plugins/com.st.stm32cube.ide.mcu.externaltools.gnu-tools-for-stm32.7-2018-q2-update.win32_1.4.0.202007081208/tools/bin/../lib/gcc/arm-none-eabi/7.3.1/../../../../arm-none-eabi/lib/thumb/v7-m\libc_nano.a(lib_a-impure.o)
                              c:/st/stm32cubeide_1.4.0/stm32cubeide/plugins/com.st.stm32cube.ide.mcu.externaltools.gnu-tools-for-stm32.7-2018-q2-update.win32_1.4.0.202007081208/tools/bin/../lib/gcc/arm-none-eabi/7.3.1/../../../../arm-none-eabi/lib/thumb/v7-m\libc_nano.a(lib_a-exit.o) (_global_impure_ptr)
c:/st/stm32cubeide_1.4.0/stm32cubeide/plugins/com.st.stm32cube.ide.mcu.externaltools.gnu-tools-for-stm32.7-2018-q2-update.win32_1.4.0.202007081208/tools/bin/../lib/gcc/arm-none-eabi/7.3.1/../../../../arm-none-eabi/lib/thumb/v7-m\libc_nano.a(lib_a-init.o)
                              c:/st/stm32cubeide_1.4.0/stm32cubeide/plugins/com.st.stm32cube.ide.mcu.externaltools.gnu-tools-for-stm32.7-2018-q2-update.win32_1.4.0.202007081208/tools/bin/../lib/gcc/arm-none-eabi/7.3.1/../../../../arm-none-eabi/lib/thumb/v7-m/crt0.o (__libc_init_array)
c:/st/stm32cubeide_1.4.0/stm32cubeide/plugins/com.st.stm32cube.ide.mcu.externaltools.gnu-tools-for-stm32.7-2018-q2-update.win32_1.4.0.202007081208/tools/bin/../lib/gcc/arm-none-eabi/7.3.1/../../../../arm-none-eabi/lib/thumb/v7-m\libc_nano.a(lib_a-memset.o)
                              c:/st/stm32cubeide_1.4.0/stm32cubeide/plugins/com.st.stm32cube.ide.mcu.externaltools.gnu-tools-for-stm32.7-2018-q2-update.win32_1.4.0.202007081208/tools/bin/../lib/gcc/arm-none-eabi/7.3.1/../../../../arm-none-eabi/lib/thumb/v7-m/crt0.o (memset)
c:/st/stm32cubeide_1.4.0/stm32cubeide/plugins/com.st.stm32cube.ide.mcu.externaltools.gnu-tools-for-stm32.7-2018-q2-update.win32_1.4.0.202007081208/tools/bin/../lib/gcc/arm-none-eabi/7.3.1/../../../../arm-none-eabi/lib/thumb/v7-m\libc_nano.a(lib_a-strcmp.o)
                              MY_RTOS/Scheduler.o (strcmp)

Allocating common symbols
Common symbol       size              file

Mutex1              0x30              Src/main.o
Task4               0x44              Src/main.o
Ready_Queue         0x14              MY_RTOS/Scheduler.o
SysTickLED          0x1               MY_RTOS/CortexMX_OS_Porting.o
OS_Control          0x1ac             MY_RTOS/Scheduler.o
Task1               0x44              Src/main.o
Task4LED            0x1               Src/main.o
MYRTOS_idleTask     0x44              MY_RTOS/Scheduler.o
Task2LED            0x1               Src/main.o
Task3               0x44              Src/main.o
Mutex2              0x30              Src/main.o
Task1LED            0x1               Src/main.o
IdleTaskLED         0x1               MY_RTOS/Scheduler.o
Task2               0x44              Src/main.o
Ready_Queue_FIFO    0x190             MY_RTOS/Scheduler.o
Task3LED            0x1               Src/main.o

Discarded input sections

 .text          0x0000000000000000        0x0 c:/st/stm32cubeide_1.4.0/stm32cubeide/plugins/com.st.stm32cube.ide.mcu.externaltools.gnu-tools-for-stm32.7-2018-q2-update.win32_1.4.0.202007081208/tools/bin/../lib/gcc/arm-none-eabi/7.3.1/thumb/v7-m/crti.o
 .data          0x0000000000000000        0x0 c:/st/stm32cubeide_1.4.0/stm32cubeide/plugins/com.st.stm32cube.ide.mcu.externaltools.gnu-tools-for-stm32.7-2018-q2-update.win32_1.4.0.202007081208/tools/bin/../lib/gcc/arm-none-eabi/7.3.1/thumb/v7-m/crti.o
 .bss           0x0000000000000000        0x0 c:/st/stm32cubeide_1.4.0/stm32cubeide/plugins/com.st.stm32cube.ide.mcu.externaltools.gnu-tools-for-stm32.7-2018-q2-update.win32_1.4.0.202007081208/tools/bin/../lib/gcc/arm-none-eabi/7.3.1/thumb/v7-m/crti.o
 .data          0x0000000000000000        0x4 c:/st/stm32cubeide_1.4.0/stm32cubeide/plugins/com.st.stm32cube.ide.mcu.externaltools.gnu-tools-for-stm32.7-2018-q2-update.win32_1.4.0.202007081208/tools/bin/../lib/gcc/arm-none-eabi/7.3.1/thumb/v7-m/crtbegin.o
[...]
Memory Configuration

Name             Origin             Length             Attributes
RAM              0x0000000020000000 0x0000000000005000 xrw
FLASH            0x0000000008000000 0x0000000000010000 xr
*default*        0x0000000000000000 0xffffffffffffffff

Linker script and memory map

LOAD c:/st/stm32cubeide_1.4.0/stm32cubeide/plugins/com.st.stm32cube.ide.mcu.externaltools.gnu-tools-for-stm32.7-2018-q2-update.win32_1.4.0.202007081208/tools/bin/../lib/gcc/arm-none-eabi/7.3.1/thumb/v7-m/crti.o
LOAD c:/st/stm32cubeide_1.4.0/stm32cubeide/plugins/com.st.stm32cube.ide.mcu.externaltools.gnu-tools-for-stm32.7-2018-q2-update.win32_1.4.0.202007081208/tools/bin/../lib/gcc/arm-none-eabi/7.3.1/thumb/v7-m/crtbegin.o
LOAD c:/st/stm32cubeide_1.4.0/stm32cubeide/plugins/com.st.stm32cube.ide.mcu.externaltools.gnu-tools-for-stm32.7-2018-q2-update.win32_1.4.0.202007081208/tools/bin/../lib/gcc/arm-none-eabi/7.3.1/../../../../arm-none-eabi/lib/thumb/v7-m/crt0.o
LOAD HAL/I2C_Slave_EEPROM.o
LOAD HAL/keypad.o
LOAD HAL/lcd.o
LOAD MY_RTOS/CortexMX_OS_Porting.o
LOAD MY_RTOS/MYRTOS_FIFO.o
LOAD MY_RTOS/Scheduler.o
LOAD STM32F103C8T6/STM32_F103C6_EXTI-Driver.o
LOAD STM32F103C8T6/STM32_F103C6_GPIO-Driver.o
LOAD STM32F103C8T6/STM32_F103C6_I2C-Driver.o
LOAD STM32F103C8T6/STM32_F103C6_RCC-Driver.o
LOAD STM32F103C8T6/STM32_F103C6_SPI-Driver.o
LOAD STM32F103C8T6/STM32_F103C6_USART-Driver.o
LOAD Src/main.o
LOAD Src/syscalls.o
LOAD Src/sysmem.o
LOAD Startup/startup_stm32f103c8tx.o
START GROUP
LOAD c:/st/stm32cubeide_1.4.0/stm32cubeide/plugins/com.st.stm32cube.ide.mcu.externaltools.gnu-tools-for-stm32.7-2018-q2-update.win32_1.4.0.202007081208/tools/bin/../lib/gcc/arm-none-eabi/7.3.1/../../../../arm-none-eabi/lib/thumb/v7-m\libc_nano.a
LOAD c:/st/stm32cubeide_1.4.0/stm32cubeide/plugins/com.st.stm32cube.ide.mcu.externaltools.gnu-tools-for-stm32.7-2018-q2-update.win32_1.4.0.202007081208/tools/bin/../lib/gcc/arm-none-eabi/7.3.1/../../../../arm-none-eabi/lib/thumb/v7-m\libm.a
END GROUP
START GROUP
LOAD c:/st/stm32cubeide_1.4.0/stm32cubeide/plugins/com.st.stm32cube.ide.mcu.externaltools.gnu-tools-for-stm32.7-2018-q2-update.win32_1.4.0.202007081208/tools/bin/../lib/gcc/arm-none-eabi/7.3.1/thumb/v7-m\libgcc.a
LOAD c:/st/stm32cubeide_1.4.0/stm32cubeide/plugins/com.st.stm32cube.ide.mcu.externaltools.gnu-tools-for-stm32.7-2018-q2-update.win32_1.4.0.202007081208/tools/bin/../lib/gcc/arm-none-eabi/7.3.1/../../../../arm-none-eabi/lib/thumb/v7-m\libg_nano.a
LOAD c:/st/stm32cubeide_1.4.0/stm32cubeide/plugins/com.st.stm32cube.ide.mcu.externaltools.gnu-tools-for-stm32.7-2018-q2-update.win32_1.4.0.202007081208/tools/bin/../lib/gcc/arm-none-eabi/7.3.1/../../../../arm-none-eabi/lib/thumb/v7-m\libc_nano.a
END GROUP
START GROUP
LOAD c:/st/stm32cubeide_1.4.0/stm32cubeide/plugins/com.st.stm32cube.ide.mcu.externaltools.gnu-tools-for-stm32.7-2018-q2-update.win32_1.4.0.202007081208/tools/bin/../lib/gcc/arm-none-eabi/7.3.1/thumb/v7-m\libgcc.a
LOAD c:/st/stm32cubeide_1.4.0/stm32cubeide/plugins/com.st.stm32cube.ide.mcu.externaltools.gnu-tools-for-stm32.7-2018-q2-update.win32_1.4.0.202007081208/tools/bin/../lib/gcc/arm-none-eabi/7.3.1/../../../../arm-none-eabi/lib/thumb/v7-m\libc_nano.a
LOAD c:/st/stm32cubeide_1.4.0/stm32cubeide/plugins/com.st.stm32cube.ide.mcu.externaltools.gnu-tools-for-stm32.7-2018-q2-update.win32_1.4.0.202007081208/tools/bin/../lib/gcc/arm-none-eabi/7.3.1/../../../../arm-none-eabi/lib/thumb/v7-m\libnosys.a
END GROUP
START GROUP
LOAD c:/st/stm32cubeide_1.4.0/stm32cubeide/plugins/com.st.stm32cube.ide.mcu.externaltools.gnu-tools-for-stm32.7-2018-q2-update.win32_1.4.0.202007081208/tools/bin/../lib/gcc/arm-none-eabi/7.3.1/thumb/v7-m\libgcc.a
LOAD c:/st/stm32cubeide_1.4.0/stm32cubeide/plugins/com.st.stm32cube.ide.mcu.externaltools.gnu-tools-for-stm32.7-2018-q2-update.win32_1.4.0.202007081208/tools/bin/../lib/gcc/arm-none-eabi/7.3.1/../../../../arm-none-eabi/lib/thumb/v7-m\libc_nano.a
LOAD c:/st/stm32cubeide_1.4.0/stm32cubeide/plugins/com.st.stm32cube.ide.mcu.externaltools.gnu-tools-for-stm32.7-2018-q2-update.win32_1.4.0.202007081208/tools/bin/../lib/gcc/arm-none-eabi/7.3.1/../../../../arm-none-eabi/lib/thumb/v7-m\libnosys.a
END GROUP
LOAD c:/st/stm32cubeide_1.4.0/stm32cubeide/plugins/com.st.stm32cube.ide.mcu.externaltools.gnu-tools-for-stm32.7-2018-q2-update.win32_1.4.0.202007081208/tools/bin/../lib/gcc/arm-none-eabi/7.3.1/thumb/v7-m/crtend.o
LOAD c:/st/stm32cubeide_1.4.0/stm32cubeide/plugins/com.st.stm32cube.ide.mcu.externaltools.gnu-tools-for-stm32.7-2018-q2-update.win32_1.4.0.202007081208/tools/bin/../lib/gcc/arm-none-eabi/7.3.1/thumb/v7-m/crtn.o
                0x0000000020005000                _estack = (ORIGIN (RAM) + LENGTH (RAM))
                0x0000000000000200                _Min_Heap_Size = 0x200
                0x0000000000000400                _Min_Stack_Size = 0x400

.isr_vector     0x0000000008000000      0x130
                0x0000000008000000                . = ALIGN (0x4)
 *(.isr_vector)
 .isr_vector    0x0000000008000000      0x130 Startup/startup_stm32f103c8tx.o
                0x0000000008000000                g_pfnVectors
                0x0000000008000130                . = ALIGN (0x4)

.text           0x0000000008000130     0x1154
                0x0000000008000130                . = ALIGN (0x4)
 *(.text)
 .text          0x0000000008000130       0x40 c:/st/stm32cubeide_1.4.0/stm32cubeide/plugins/com.st.stm32cube.ide.mcu.externaltools.gnu-tools-for-stm32.7-2018-q2-update.win32_1.4.0.202007081208/tools/bin/../lib/gcc/arm-none-eabi/7.3.1/thumb/v7-m/crtbegin.o
 .text          0x0000000008000170       0x14 c:/st/stm32cubeide_1.4.0/stm32cubeide/plugins/com.st.stm32cube.ide.mcu.externaltools.gnu-tools-for-stm32.7-2018-q2-update.win32_1.4.0.202007081208/tools/bin/../lib/gcc/arm-none-eabi/7.3.1/../../../../arm-none-eabi/lib/thumb/v7-m\libc_nano.a(lib_a-strcmp.o)
                0x0000000008000170                strcmp
 *(.text*)
 .text.__NVIC_SetPriority
                0x0000000008000184       0x54 MY_RTOS/CortexMX_OS_Porting.o
 .text.SysTick_Config
                0x00000000080001d8       0x44 MY_RTOS/CortexMX_OS_Porting.o
 .text.HardFault_Handler
                0x000000000800021c        0x6 MY_RTOS/CortexMX_OS_Porting.o
                0x000000000800021c                HardFault_Handler
 .text.MemManage_Handler
                0x0000000008000222        0x6 MY_RTOS/CortexMX_OS_Porting.o
                0x0000000008000222                MemManage_Handler
 .text.BusFault_Handler
                0x0000000008000228        0x6 MY_RTOS/CortexMX_OS_Porting.o
                0x0000000008000228                BusFault_Handler
 .text.UsageFault_Handler
                0x000000000800022e        0x6 MY_RTOS/CortexMX_OS_Porting.o
                0x000000000800022e                UsageFault_Handler
 .text.SVC_Handler
                0x0000000008000234       0x14 MY_RTOS/CortexMX_OS_Porting.o
                0x0000000008000234                SVC_Handler
 .text.HW_init  0x0000000008000248       0x12 MY_RTOS/CortexMX_OS_Porting.o
                0x0000000008000248                HW_init
 *fill*         0x000000000800025a        0x2 
 .text.Trigger_OS_PendSV
                0x000000000800025c       0x1c MY_RTOS/CortexMX_OS_Porting.o
                0x000000000800025c                Trigger_OS_PendSV
 .text.Start_Ticker
                0x0000000008000278       0x10 MY_RTOS/CortexMX_OS_Porting.o
                0x0000000008000278                Start_Ticker
 .text.SysTick_Handler
                0x0000000008000288       0x28 MY_RTOS/CortexMX_OS_Porting.o
                0x0000000008000288                SysTick_Handler
 .text.FIFO_init
                0x00000000080002b0       0x44 MY_RTOS/MYRTOS_FIFO.o
                0x00000000080002b0                FIFO_init
 .text.FIFO_enqueue
                0x00000000080002f4       0x84 MY_RTOS/MYRTOS_FIFO.o
                0x00000000080002f4                FIFO_enqueue
 .text.FIFO_dequeue
                0x0000000008000378       0x7a MY_RTOS/MYRTOS_FIFO.o
                0x0000000008000378                FIFO_dequeue
 *fill*         0x00000000080003f2        0x2 
 .text.PendSV_Handler
                0x00000000080003f4      0x1c4 MY_RTOS/Scheduler.o
                0x00000000080003f4                PendSV_Handler
 .text.MYRTOS_Idle_Task
                0x00000000080005b8       0x1c MY_RTOS/Scheduler.o
                0x00000000080005b8                MYRTOS_Idle_Task
 .text.MYRTOS_Create_MainStack
                0x00000000080005d4       0x3c MY_RTOS/Scheduler.o
                0x00000000080005d4                MYRTOS_Create_MainStack
 .text.MYRTOS_init
                0x0000000008000610       0x80 MY_RTOS/Scheduler.o
                0x0000000008000610                MYRTOS_init
 .text.MyRTOS_Create_Task_Stack
                0x0000000008000690       0x7c MY_RTOS/Scheduler.o
                0x0000000008000690                MyRTOS_Create_Task_Stack
 .text.MYRTOS_CreateTask
                0x000000000800070c       0x68 MY_RTOS/Scheduler.o
                0x000000000800070c                MYRTOS_CreateTask
 .text.bubblesort
                0x0000000008000774       0x90 MY_RTOS/Scheduler.o
                0x0000000008000774                bubblesort
 .text.MYRTOS_Update_Scheduler_Table
                0x0000000008000804       0xd0 MY_RTOS/Scheduler.o
                0x0000000008000804                MYRTOS_Update_Scheduler_Table
 .text.Decide_whatNext
                0x00000000080008d4       0xa4 MY_RTOS/Scheduler.o
                0x00000000080008d4                Decide_whatNext
 .text.OS_SVC   0x0000000008000978       0x6c MY_RTOS/Scheduler.o
                0x0000000008000978                OS_SVC
 .text.MYRTOS_OS_SVC_Set
                0x00000000080009e4       0x30 MY_RTOS/Scheduler.o
                0x00000000080009e4                MYRTOS_OS_SVC_Set
 .text.MYRTOS_ActivateTask
                0x0000000008000a14       0x1e MY_RTOS/Scheduler.o
                0x0000000008000a14                MYRTOS_ActivateTask
 .text.MYRTOS_TerminateTask
                0x0000000008000a32       0x1e MY_RTOS/Scheduler.o
                0x0000000008000a32                MYRTOS_TerminateTask
 .text.MYRTOS_StartOS
                0x0000000008000a50       0x5c MY_RTOS/Scheduler.o
                0x0000000008000a50                MYRTOS_StartOS
 .text.MYRTOS_Update_tasksWaittingTime
                0x0000000008000aac       0x88 MY_RTOS/Scheduler.o
                0x0000000008000aac                MYRTOS_Update_tasksWaittingTime
 .text.MYRTOS_AcquireMutex
                0x0000000008000b34       0x46 MY_RTOS/Scheduler.o
                0x0000000008000b34                MYRTOS_AcquireMutex
 .text.MYRTOS_ReleaseMutex
                0x0000000008000b7a       0x36 MY_RTOS/Scheduler.o
                0x0000000008000b7a                MYRTOS_ReleaseMutex
 .text.EXTI0_IRQHandler
                0x0000000008000bb0       0x20 STM32F103C8T6/STM32_F103C6_EXTI-Driver.o
                0x0000000008000bb0                EXTI0_IRQHandler
 .text.EXTI1_IRQHandler
                0x0000000008000bd0       0x20 STM32F103C8T6/STM32_F103C6_EXTI-Driver.o
                0x0000000008000bd0                EXTI1_IRQHandler
 .text.EXTI2_IRQHandler
                0x0000000008000bf0       0x24 STM32F103C8T6/STM32_F103C6_EXTI-Driver.o
                0x0000000008000bf0                EXTI2_IRQHandler
 .text.EXTI3_IRQHandler
                0x0000000008000c14       0x24 STM32F103C8T6/STM32_F103C6_EXTI-Driver.o
                0x0000000008000c14                EXTI3_IRQHandler
 .text.EXTI4_IRQHandler
                0x0000000008000c38       0x24 STM32F103C8T6/STM32_F103C6_EXTI-Driver.o
                0x0000000008000c38                EXTI4_IRQHandler
 .text.I2C1_ER_IRQHandler
                0x0000000008000c5c        0xc STM32F103C8T6/STM32_F103C6_I2C-Driver.o
                0x0000000008000c5c                I2C1_ER_IRQHandler
 .text.I2C1_EV_IRQHandler
                0x0000000008000c68       0xec STM32F103C8T6/STM32_F103C6_I2C-Driver.o
                0x0000000008000c68                I2C1_EV_IRQHandler
 .text.I2C2_ER_IRQHandler
                0x0000000008000d54        0xc STM32F103C8T6/STM32_F103C6_I2C-Driver.o
                0x0000000008000d54                I2C2_ER_IRQHandler
 .text.I2C2_EV_IRQHandler
                0x0000000008000d60        0xc STM32F103C8T6/STM32_F103C6_I2C-Driver.o
                0x0000000008000d60                I2C2_EV_IRQHandler
 .text.Slave_States
                0x0000000008000d6c       0xd8 STM32F103C8T6/STM32_F103C6_I2C-Driver.o
                0x0000000008000d6c                Slave_States
 .text.SPI1_IRQHandler
                0x0000000008000e44       0x5c STM32F103C8T6/STM32_F103C6_SPI-Driver.o
                0x0000000008000e44                SPI1_IRQHandler
 .text.USART1_IRQHandler
                0x0000000008000ea0       0x14 STM32F103C8T6/STM32_F103C6_USART-Driver.o
                0x0000000008000ea0                USART1_IRQHandler
 .text.USART2_IRQHandler
                0x0000000008000eb4       0x14 STM32F103C8T6/STM32_F103C6_USART-Driver.o
                0x0000000008000eb4                USART2_IRQHandler
 .text.task1    0x0000000008000ec8       0x68 Src/main.o
                0x0000000008000ec8                task1
 .text.task2    0x0000000008000f30       0x50 Src/main.o
                0x0000000008000f30                task2
 .text.task3    0x0000000008000f80       0x50 Src/main.o
                0x0000000008000f80                task3
 .text.task4    0x0000000008000fd0       0x64 Src/main.o
                0x0000000008000fd0                task4
 .text.main     0x0000000008001034      0x19c Src/main.o
                0x0000000008001034                main
 .text.Reset_Handler
                0x00000000080011d0       0x50 Startup/startup_stm32f103c8tx.o
                0x00000000080011d0                Reset_Handler
 .text.Default_Handler
                0x0000000008001220        0x2 Startup/startup_stm32f103c8tx.o
                0x0000000008001220                TIM8_TRG_COM_IRQHandler
                0x0000000008001220                TIM8_CC_IRQHandler
                0x0000000008001220                DebugMon_Handler
                0x0000000008001220                TIM1_CC_IRQHandler
                0x0000000008001220                TIM6_IRQHandler
                0x0000000008001220                PVD_IRQHandler
                0x0000000008001220                SDIO_IRQHandler
                0x0000000008001220                NMI_Handler
                0x0000000008001220                USB_HP_CAN_TX_IRQHandler
                0x0000000008001220                ADC1_2_IRQHandler
                0x0000000008001220                CAN_SCE_IRQHandler
                0x0000000008001220                TAMPER_IRQHandler
                0x0000000008001220                TIM8_UP_IRQHandler
                0x0000000008001220                DMA2_Channel2_IRQHandler
                0x0000000008001220                DMA1_Channel4_IRQHandler
                0x0000000008001220                USART3_IRQHandler
                0x0000000008001220                RTC_IRQHandler
                0x0000000008001220                DMA1_Channel7_IRQHandler
                0x0000000008001220                UART5_IRQHandler
                0x0000000008001220                ADC3_IRQHandler
                0x0000000008001220                TIM4_IRQHandler
                0x0000000008001220                CAN_RX1_IRQHandler
                0x0000000008001220                DMA2_Channel1_IRQHandler
                0x0000000008001220                DMA1_Channel6_IRQHandler
                0x0000000008001220                UART4_IRQHandler
                0x0000000008001220                TIM3_IRQHandler
                0x0000000008001220                RCC_IRQHandler
                0x0000000008001220                TIM1_TRG_COM_IRQHandler
                0x0000000008001220                DMA1_Channel1_IRQHandler
                0x0000000008001220                Default_Handler
                0x0000000008001220                EXTI15_10_IRQHandler
                0x0000000008001220                TIM7_IRQHandler
                0x0000000008001220                TIM5_IRQHandler
                0x0000000008001220                EXTI9_5_IRQHandler
                0x0000000008001220                SPI2_IRQHandler
                0x0000000008001220                USB_LP_CAN_RX0_IRQHandler
                0x0000000008001220                DMA1_Channel5_IRQHandler
                0x0000000008001220                DMA1_Channel3_IRQHandler
                0x0000000008001220                FSMC_IRQHandler
                0x0000000008001220                TIM1_UP_IRQHandler
                0x0000000008001220                WWDG_IRQHandler
                0x0000000008001220                TIM2_IRQHandler
                0x0000000008001220                TIM1_BRK_IRQHandler
                0x0000000008001220                RTCAlarm_IRQHandler
                0x0000000008001220                DMA2_Channel4_5_IRQHandler
                0x0000000008001220                DMA1_Channel2_IRQHandler
                0x0000000008001220                TIM8_BRK_IRQHandler
                0x0000000008001220                FLASH_IRQHandler
                0x0000000008001220                SPI3_IRQHandler
                0x0000000008001220                DMA2_Channel3_IRQHandler
 *fill*         0x0000000008001222        0x2 
 .text.__libc_init_array
                0x0000000008001224       0x48 c:/st/stm32cubeide_1.4.0/stm32cubeide/plugins/com.st.stm32cube.ide.mcu.externaltools.gnu-tools-for-stm32.7-2018-q2-update.win32_1.4.0.202007081208/tools/bin/../lib/gcc/arm-none-eabi/7.3.1/../../../../arm-none-eabi/lib/thumb/v7-m\libc_nano.a(lib_a-init.o)
                0x0000000008001224                __libc_init_array
 *(.glue_7)
 .glue_7        0x000000000800126c        0x0 linker stubs
 *(.glue_7t)
 .glue_7t       0x000000000800126c        0x0 linker stubs
 *(.eh_frame)
 .eh_frame      0x000000000800126c        0x0 c:/st/stm32cubeide_1.4.0/stm32cubeide/plugins/com.st.stm32cube.ide.mcu.externaltools.gnu-tools-for-stm32.7-2018-q2-update.win32_1.4.0.202007081208/tools/bin/../lib/gcc/arm-none-eabi/7.3.1/thumb/v7-m/crtbegin.o
 *(.init)
 .init          0x000000000800126c        0x4 c:/st/stm32cubeide_1.4.0/stm32cubeide/plugins/com.st.stm32cube.ide.mcu.externaltools.gnu-tools-for-stm32.7-2018-q2-update.win32_1.4.0.202007081208/tools/bin/../lib/gcc/arm-none-eabi/7.3.1/thumb/v7-m/crti.o
                0x000000000800126c                _init
 .init          0x0000000008001270        0x8 c:/st/stm32cubeide_1.4.0/stm32cubeide/plugins/com.st.stm32cube.ide.mcu.externaltools.gnu-tools-for-stm32.7-2018-q2-update.win32_1.4.0.202007081208/tools/bin/../lib/gcc/arm-none-eabi/7.3.1/thumb/v7-m/crtn.o
 *(.fini)
 .fini          0x0000000008001278        0x4 c:/st/stm32cubeide_1.4.0/stm32cubeide/plugins/com.st.stm32cube.ide.mcu.externaltools.gnu-tools-for-stm32.7-2018-q2-update.win32_1.4.0.202007081208/tools/bin/../lib/gcc/arm-none-eabi/7.3.1/thumb/v7-m/crti.o
                0x0000000008001278                _fini
 .fini          0x000000000800127c        0x8 c:/st/stm32cubeide_1.4.0/stm32cubeide/plugins/com.st.stm32cube.ide.mcu.externaltools.gnu-tools-for-stm32.7-2018-q2-update.win32_1.4.0.202007081208/tools/bin/../lib/gcc/arm-none-eabi/7.3.1/thumb/v7-m/crtn.o
                0x0000000008001284                . = ALIGN (0x4)
                0x0000000008001284                _etext = .

.vfp11_veneer   0x0000000008001284        0x0
 .vfp11_veneer  0x0000000008001284        0x0 linker stubs

.v4_bx          0x0000000008001284        0x0
 .v4_bx         0x0000000008001284        0x0 linker stubs

.iplt           0x0000000008001284        0x0
 .iplt          0x0000000008001284        0x0 c:/st/stm32cubeide_1.4.0/stm32cubeide/plugins/com.st.stm32cube.ide.mcu.externaltools.gnu-tools-for-stm32.7-2018-q2-update.win32_1.4.0.202007081208/tools/bin/../lib/gcc/arm-none-eabi/7.3.1/thumb/v7-m/crtbegin.o

.rodata         0x0000000008001284       0x54
                0x0000000008001284                . = ALIGN (0x4)
 *(.rodata)
 .rodata        0x0000000008001284        0x9 MY_RTOS/Scheduler.o
 *fill*         0x000000000800128d        0x3 
 .rodata        0x0000000008001290       0x47 Src/main.o
 *(.rodata*)
                0x00000000080012d8                . = ALIGN (0x4)
 *fill*         0x00000000080012d7        0x1 

.rel.dyn        0x00000000080012d8        0x0
 .rel.iplt      0x00000000080012d8        0x0 c:/st/stm32cubeide_1.4.0/stm32cubeide/plugins/com.st.stm32cube.ide.mcu.externaltools.gnu-tools-for-stm32.7-2018-q2-update.win32_1.4.0.202007081208/tools/bin/../lib/gcc/arm-none-eabi/7.3.1/thumb/v7-m/crtbegin.o

.ARM.extab      0x00000000080012d8        0x0
                0x00000000080012d8                . = ALIGN (0x4)
 *(.ARM.extab* .gnu.linkonce.armextab.*)
                0x00000000080012d8                . = ALIGN (0x4)

.ARM            0x00000000080012d8        0x0
                0x00000000080012d8                . = ALIGN (0x4)
                0x00000000080012d8                __exidx_start = .
 *(.ARM.exidx*)
                0x00000000080012d8                __exidx_end = .
                0x00000000080012d8                . = ALIGN (0x4)

.preinit_array  0x00000000080012d8        0x0
                0x00000000080012d8                . = ALIGN (0x4)
                0x00000000080012d8                PROVIDE (__preinit_array_start = .)
 *(.preinit_array*)
                0x00000000080012d8                PROVIDE (__preinit_array_end = .)
                0x00000000080012d8                . = ALIGN (0x4)

.init_array     0x00000000080012d8        0x4
                0x00000000080012d8                . = ALIGN (0x4)
                0x00000000080012d8                PROVIDE (__init_array_start = .)
 *(SORT_BY_NAME(.init_array.*))
 *(.init_array*)
 .init_array    0x00000000080012d8        0x4 c:/st/stm32cubeide_1.4.0/stm32cubeide/plugins/com.st.stm32cube.ide.mcu.externaltools.gnu-tools-for-stm32.7-2018-q2-update.win32_1.4.0.202007081208/tools/bin/../lib/gcc/arm-none-eabi/7.3.1/thumb/v7-m/crtbegin.o
                0x00000000080012dc                PROVIDE (__init_array_end = .)
                0x00000000080012dc                . = ALIGN (0x4)

.fini_array     0x00000000080012dc        0x4
                0x00000000080012dc                . = ALIGN (0x4)
                [!provide]                        PROVIDE (__fini_array_start = .)
 *(SORT_BY_NAME(.fini_array.*))
 *(.fini_array*)
 .fini_array    0x00000000080012dc        0x4 c:/st/stm32cubeide_1.4.0/stm32cubeide/plugins/com.st.stm32cube.ide.mcu.externaltools.gnu-tools-for-stm32.7-2018-q2-update.win32_1.4.0.202007081208/tools/bin/../lib/gcc/arm-none-eabi/7.3.1/thumb/v7-m/crtbegin.o
                [!provide]                        PROVIDE (__fini_array_end = .)
                0x00000000080012e0                . = ALIGN (0x4)
                0x00000000080012e0                _sidata = LOADADDR (.data)

.data           0x0000000020000000        0x4 load address 0x00000000080012e0
                0x0000000020000000                . = ALIGN (0x4)
                0x0000000020000000                _sdata = .
 *(.data)
 *(.data*)
 .data.payload  0x0000000020000000        0x3 Src/main.o
                0x0000000020000000                payload
 *(.RamFunc)
 *(.RamFunc*)
                0x0000000020000004                . = ALIGN (0x4)
 *fill*         0x0000000020000003        0x1 
                0x0000000020000004                _edata = .

.igot.plt       0x0000000020000004        0x0 load address 0x00000000080012e4
 .igot.plt      0x0000000020000004        0x0 c:/st/stm32cubeide_1.4.0/stm32cubeide/plugins/com.st.stm32cube.ide.mcu.externaltools.gnu-tools-for-stm32.7-2018-q2-update.win32_1.4.0.202007081208/tools/bin/../lib/gcc/arm-none-eabi/7.3.1/thumb/v7-m/crtbegin.o
                0x0000000020000004                . = ALIGN (0x4)

.bss            0x0000000020000004      0x5e4 load address 0x00000000080012e4
                0x0000000020000004                _sbss = .
                0x0000000020000004                __bss_start__ = _sbss
 *(.bss)
 .bss           0x0000000020000004       0x1c c:/st/stm32cubeide_1.4.0/stm32cubeide/plugins/com.st.stm32cube.ide.mcu.externaltools.gnu-tools-for-stm32.7-2018-q2-update.win32_1.4.0.202007081208/tools/bin/../lib/gcc/arm-none-eabi/7.3.1/thumb/v7-m/crtbegin.o
 *(.bss*)
 .bss.GP_IRQ_CallBack
                0x0000000020000020       0x3c STM32F103C8T6/STM32_F103C6_EXTI-Driver.o
                0x0000000020000020                GP_IRQ_CallBack
 .bss.Global_I2C_Config
                0x000000002000005c       0x58 STM32F103C8T6/STM32_F103C6_I2C-Driver.o
                0x000000002000005c                Global_I2C_Config
 .bss.Global_SPI_Comfig
                0x00000000200000b4        0x8 STM32F103C8T6/STM32_F103C6_SPI-Driver.o
                0x00000000200000b4                Global_SPI_Comfig
 .bss.Global_USART_Config
                0x00000000200000bc        0x4 STM32F103C8T6/STM32_F103C6_USART-Driver.o
                0x00000000200000bc                Global_USART_Config
 .bss.count.4737
                0x00000000200000c0        0x4 Src/main.o
 .bss.count.4741
                0x00000000200000c4        0x4 Src/main.o
 .bss.count.4745
                0x00000000200000c8        0x4 Src/main.o
 .bss.count.4749
                0x00000000200000cc        0x4 Src/main.o
 *(COMMON)
 COMMON         0x00000000200000d0        0x1 MY_RTOS/CortexMX_OS_Porting.o
                0x00000000200000d0                SysTickLED
 *fill*         0x00000000200000d1        0x3 
 COMMON         0x00000000200000d4      0x398 MY_RTOS/Scheduler.o
                0x00000000200000d4                Ready_Queue
                0x00000000200000e8                OS_Control
                0x0000000020000294                MYRTOS_idleTask
                0x00000000200002d8                IdleTaskLED
                0x00000000200002dc                Ready_Queue_FIFO
 COMMON         0x000000002000046c      0x179 Src/main.o
                0x000000002000046c                Mutex1
                0x000000002000049c                Task4
                0x00000000200004e0                Task1
                0x0000000020000524                Task4LED
                0x0000000020000525                Task2LED
                0x0000000020000528                Task3
                0x000000002000056c                Mutex2
                0x000000002000059c                Task1LED
                0x00000000200005a0                Task2
                0x00000000200005e4                Task3LED
                0x00000000200005e8                . = ALIGN (0x4)
 *fill*         0x00000000200005e5        0x3 
                0x00000000200005e8                _ebss = .
                0x00000000200005e8                __bss_end__ = _ebss

._user_heap_stack
                0x00000000200005e8      0x600 load address 0x00000000080012e4
                0x00000000200005e8                . = ALIGN (0x8)
                [!provide]                        PROVIDE (end = .)
                0x00000000200005e8                PROVIDE (_end = .)
                0x00000000200007e8                . = (. + _Min_Heap_Size)
 *fill*         0x00000000200005e8      0x200 
                0x0000000020000be8                . = (. + _Min_Stack_Size)
 *fill*         0x00000000200007e8      0x400 
                0x0000000020000be8                . = ALIGN (0x8)

/DISCARD/
 libc.a(*)
 libm.a(*)
 libgcc.a(*)

.ARM.attributes
                0x0000000000000000       0x29
 *(.ARM.attributes)
 .ARM.attributes
                0x0000000000000000       0x1d c:/st/stm32cubeide_1.4.0/stm32cubeide/plugins/com.st.stm32cube.ide.mcu.externaltools.gnu-tools-for-stm32.7-2018-q2-update.win32_1.4.0.202007081208/tools/bin/../lib/gcc/arm-none-eabi/7.3.1/thumb/v7-m/crti.o
 .ARM.attributes
                0x000000000000001d       0x2d c:/st/stm32cubeide_1.4.0/stm32cubeide/plugins/com.st.stm32cube.ide.mcu.externaltools.gnu-tools-for-stm32.7-2018-q2-update.win32_1.4.0.202007081208/tools/bin/../lib/gcc/arm-none-eabi/7.3.1/thumb/v7-m/crtbegin.o
 .ARM.attributes
                0x000000000000004a       0x33 MY_RTOS/CortexMX_OS_Porting.o
 .ARM.attributes
                0x000000000000007d       0x33 MY_RTOS/MYRTOS_FIFO.o
 .ARM.attributes
                0x00000000000000b0       0x33 MY_RTOS/Scheduler.o
 .ARM.attributes
                0x00000000000000e3       0x2d STM32F103C8T6/STM32_F103C6_EXTI-Driver.o
 .ARM.attributes
                0x0000000000000110       0x2d STM32F103C8T6/STM32_F103C6_I2C-Driver.o
 .ARM.attributes
                0x000000000000013d       0x2d STM32F103C8T6/STM32_F103C6_SPI-Driver.o
 .ARM.attributes
                0x000000000000016a       0x2d STM32F103C8T6/STM32_F103C6_USART-Driver.o
 .ARM.attributes
                0x0000000000000197       0x33 Src/main.o
 .ARM.attributes
                0x00000000000001ca       0x21 Startup/startup_stm32f103c8tx.o
 .ARM.attributes
                0x00000000000001eb       0x2d c:/st/stm32cubeide_1.4.0/stm32cubeide/plugins/com.st.stm32cube.ide.mcu.externaltools.gnu-tools-for-stm32.7-2018-q2-update.win32_1.4.0.202007081208/tools/bin/../lib/gcc/arm-none-eabi/7.3.1/../../../../arm-none-eabi/lib/thumb/v7-m\libc_nano.a(lib_a-init.o)
 .ARM.attributes
                0x0000000000000218       0x1b c:/st/stm32cubeide_1.4.0/stm32cubeide/plugins/com.st.stm32cube.ide.mcu.externaltools.gnu-tools-for-stm32.7-2018-q2-update.win32_1.4.0.202007081208/tools/bin/../lib/gcc/arm-none-eabi/7.3.1/../../../../arm-none-eabi/lib/thumb/v7-m\libc_nano.a(lib_a-strcmp.o)
 .ARM.attributes
                0x0000000000000233       0x1d c:/st/stm32cubeide_1.4.0/stm32cubeide/plugins/com.st.stm32cube.ide.mcu.externaltools.gnu-tools-for-stm32.7-2018-q2-update.win32_1.4.0.202007081208/tools/bin/../lib/gcc/arm-none-eabi/7.3.1/thumb/v7-m/crtn.o
OUTPUT(STM32_Drivers_BackUp.elf elf32-littlearm)

.debug_info     0x0000000000000000     0x4467
 .debug_info    0x0000000000000000      0x641 MY_RTOS/CortexMX_OS_Porting.o
 .debug_info    0x0000000000000641      0xca0 MY_RTOS/MYRTOS_FIFO.o
 .debug_info    0x00000000000012e1     0x10b2 MY_RTOS/Scheduler.o
 .debug_info    0x0000000000002393      0x506 STM32F103C8T6/STM32_F103C6_EXTI-Driver.o
 .debug_info    0x0000000000002899      0xb12 STM32F103C8T6/STM32_F103C6_I2C-Driver.o
 .debug_info    0x00000000000033ab      0x67b STM32F103C8T6/STM32_F103C6_SPI-Driver.o
 .debug_info    0x0000000000003a26      0x59c STM32F103C8T6/STM32_F103C6_USART-Driver.o
 .debug_info    0x0000000000003fc2      0x483 Src/main.o
 .debug_info    0x0000000000004445       0x22 Startup/startup_stm32f103c8tx.o

.debug_abbrev   0x0000000000000000      0xf95
 .debug_abbrev  0x0000000000000000      0x1de MY_RTOS/CortexMX_OS_Porting.o
 .debug_abbrev  0x00000000000001de      0x1cf MY_RTOS/MYRTOS_FIFO.o
 .debug_abbrev  0x00000000000003ad      0x353 MY_RTOS/Scheduler.o
 .debug_abbrev  0x0000000000000700      0x180 STM32F103C8T6/STM32_F103C6_EXTI-Driver.o
 .debug_abbrev  0x0000000000000880      0x22a STM32F103C8T6/STM32_F103C6_I2C-Driver.o
 .debug_abbrev  0x0000000000000aaa      0x1c7 STM32F103C8T6/STM32_F103C6_SPI-Driver.o
 .debug_abbrev  0x0000000000000c71      0x1b2 STM32F103C8T6/STM32_F103C6_USART-Driver.o
 .debug_abbrev  0x0000000000000e23      0x160 Src/main.o
 .debug_abbrev  0x0000000000000f83       0x12 Startup/startup_stm32f103c8tx.o

.debug_loc      0x0000000000000000     0x1774
 .debug_loc     0x0000000000000000      0x224 MY_RTOS/CortexMX_OS_Porting.o
 .debug_loc     0x0000000000000224      0x1cc MY_RTOS/MYRTOS_FIFO.o
 .debug_loc     0x00000000000003f0      0x4fc MY_RTOS/Scheduler.o
 .debug_loc     0x00000000000008ec      0x2d0 STM32F103C8T6/STM32_F103C6_EXTI-Driver.o
 .debug_loc     0x0000000000000bbc      0x580 STM32F103C8T6/STM32_F103C6_I2C-Driver.o
 .debug_loc     0x000000000000113c      0x2bc STM32F103C8T6/STM32_F103C6_SPI-Driver.o
 .debug_loc     0x00000000000013f8      0x294 STM32F103C8T6/STM32_F103C6_USART-Driver.o
 .debug_loc     0x000000000000168c       0xe8 Src/main.o

.debug_aranges  0x0000000000000000      0x390
 .debug_aranges
                0x0000000000000000       0x70 MY_RTOS/CortexMX_OS_Porting.o
 .debug_aranges
                0x0000000000000070       0x40 MY_RTOS/MYRTOS_FIFO.o
 .debug_aranges
                0x00000000000000b0       0xa8 MY_RTOS/Scheduler.o
 .debug_aranges
                0x0000000000000158       0x78 STM32F103C8T6/STM32_F103C6_EXTI-Driver.o
 .debug_aranges
                0x00000000000001d0       0xa0 STM32F103C8T6/STM32_F103C6_I2C-Driver.o
 .debug_aranges
                0x0000000000000270       0x58 STM32F103C8T6/STM32_F103C6_SPI-Driver.o
 .debug_aranges
                0x00000000000002c8       0x60 STM32F103C8T6/STM32_F103C6_USART-Driver.o
 .debug_aranges
                0x0000000000000328       0x40 Src/main.o
 .debug_aranges
                0x0000000000000368       0x28 Startup/startup_stm32f103c8tx.o

.debug_ranges   0x0000000000000000      0x308
 .debug_ranges  0x0000000000000000       0x60 MY_RTOS/CortexMX_OS_Porting.o
 .debug_ranges  0x0000000000000060       0x30 MY_RTOS/MYRTOS_FIFO.o
 .debug_ranges  0x0000000000000090       0x98 MY_RTOS/Scheduler.o
 .debug_ranges  0x0000000000000128       0x68 STM32F103C8T6/STM32_F103C6_EXTI-Driver.o
 .debug_ranges  0x0000000000000190       0x90 STM32F103C8T6/STM32_F103C6_I2C-Driver.o
 .debug_ranges  0x0000000000000220       0x48 STM32F103C8T6/STM32_F103C6_SPI-Driver.o
 .debug_ranges  0x0000000000000268       0x50 STM32F103C8T6/STM32_F103C6_USART-Driver.o
 .debug_ranges  0x00000000000002b8       0x30 Src/main.o
 .debug_ranges  0x00000000000002e8       0x20 Startup/startup_stm32f103c8tx.o

.debug_macro    0x0000000000000000     0x3c11
 .debug_macro   0x0000000000000000       0xbd MY_RTOS/CortexMX_OS_Porting.o
 .debug_macro   0x00000000000000bd      0xa60 MY_RTOS/CortexMX_OS_Porting.o
 .debug_macro   0x0000000000000b1d       0x28 MY_RTOS/CortexMX_OS_Porting.o
 .debug_macro   0x0000000000000b45       0x22 MY_RTOS/CortexMX_OS_Porting.o
 .debug_macro   0x0000000000000b67       0x8e MY_RTOS/CortexMX_OS_Porting.o
 .debug_macro   0x0000000000000bf5       0x51 MY_RTOS/CortexMX_OS_Porting.o
 .debug_macro   0x0000000000000c46       0xef MY_RTOS/CortexMX_OS_Porting.o
 .debug_macro   0x0000000000000d35       0x1c MY_RTOS/CortexMX_OS_Porting.o
 .debug_macro   0x0000000000000d51       0x22 MY_RTOS/CortexMX_OS_Porting.o
 .debug_macro   0x0000000000000d73       0xe5 MY_RTOS/CortexMX_OS_Porting.o
 .debug_macro   0x0000000000000e58      0xe3c MY_RTOS/CortexMX_OS_Porting.o
 .debug_macro   0x0000000000001c94       0x2e MY_RTOS/CortexMX_OS_Porting.o
 .debug_macro   0x0000000000001cc2      0x22c MY_RTOS/MYRTOS_FIFO.o
 .debug_macro   0x0000000000001eee       0x40 MY_RTOS/MYRTOS_FIFO.o
 .debug_macro   0x0000000000001f2e       0x18 MY_RTOS/MYRTOS_FIFO.o
 .debug_macro   0x0000000000001f46       0x94 MY_RTOS/MYRTOS_FIFO.o
 .debug_macro   0x0000000000001fda       0x3c MY_RTOS/MYRTOS_FIFO.o
 .debug_macro   0x0000000000002016       0x16 MY_RTOS/MYRTOS_FIFO.o
 .debug_macro   0x000000000000202c       0x97 MY_RTOS/MYRTOS_FIFO.o
 .debug_macro   0x00000000000020c3      0x330 MY_RTOS/MYRTOS_FIFO.o
 .debug_macro   0x00000000000023f3       0xfd MY_RTOS/MYRTOS_FIFO.o
 .debug_macro   0x00000000000024f0       0x10 MY_RTOS/MYRTOS_FIFO.o
 .debug_macro   0x0000000000002500       0x52 MY_RTOS/MYRTOS_FIFO.o
 .debug_macro   0x0000000000002552       0x1f MY_RTOS/MYRTOS_FIFO.o
 .debug_macro   0x0000000000002571       0x43 MY_RTOS/MYRTOS_FIFO.o
 .debug_macro   0x00000000000025b4       0x20 MY_RTOS/MYRTOS_FIFO.o
 .debug_macro   0x00000000000025d4      0x1a3 MY_RTOS/MYRTOS_FIFO.o
 .debug_macro   0x0000000000002777       0x10 MY_RTOS/MYRTOS_FIFO.o
 .debug_macro   0x0000000000002787       0x1c MY_RTOS/MYRTOS_FIFO.o
 .debug_macro   0x00000000000027a3       0x52 MY_RTOS/MYRTOS_FIFO.o
 .debug_macro   0x00000000000027f5       0x40 MY_RTOS/MYRTOS_FIFO.o
 .debug_macro   0x0000000000002835       0x10 MY_RTOS/MYRTOS_FIFO.o
 .debug_macro   0x0000000000002845       0x40 MY_RTOS/MYRTOS_FIFO.o
 .debug_macro   0x0000000000002885       0xd7 MY_RTOS/MYRTOS_FIFO.o
 .debug_macro   0x000000000000295c       0x1c MY_RTOS/MYRTOS_FIFO.o
 .debug_macro   0x0000000000002978       0x3d MY_RTOS/MYRTOS_FIFO.o
 .debug_macro   0x00000000000029b5       0x16 MY_RTOS/MYRTOS_FIFO.o
 .debug_macro   0x00000000000029cb      0x145 MY_RTOS/MYRTOS_FIFO.o
 .debug_macro   0x0000000000002b10       0xdf MY_RTOS/MYRTOS_FIFO.o
 .debug_macro   0x0000000000002bef      0x236 MY_RTOS/Scheduler.o
 .debug_macro   0x0000000000002e25       0x46 MY_RTOS/Scheduler.o
 .debug_macro   0x0000000000002e6b      0x32a MY_RTOS/Scheduler.o
 .debug_macro   0x0000000000003195      0x169 STM32F103C8T6/STM32_F103C6_EXTI-Driver.o
 .debug_macro   0x00000000000032fe      0x225 STM32F103C8T6/STM32_F103C6_EXTI-Driver.o
 .debug_macro   0x0000000000003523      0x170 STM32F103C8T6/STM32_F103C6_I2C-Driver.o
 .debug_macro   0x0000000000003693      0x177 STM32F103C8T6/STM32_F103C6_SPI-Driver.o
 .debug_macro   0x000000000000380a       0xca STM32F103C8T6/STM32_F103C6_SPI-Driver.o
 .debug_macro   0x00000000000038d4      0x17d STM32F103C8T6/STM32_F103C6_USART-Driver.o
 .debug_macro   0x0000000000003a51       0xf5 STM32F103C8T6/STM32_F103C6_USART-Driver.o
 .debug_macro   0x0000000000003b46       0xcb Src/main.o

.debug_line     0x0000000000000000     0x41d6
 .debug_line    0x0000000000000000      0x554 MY_RTOS/CortexMX_OS_Porting.o
 .debug_line    0x0000000000000554      0x6f8 MY_RTOS/MYRTOS_FIFO.o
 .debug_line    0x0000000000000c4c      0x8c5 MY_RTOS/Scheduler.o
 .debug_line    0x0000000000001511      0xa04 STM32F103C8T6/STM32_F103C6_EXTI-Driver.o
 .debug_line    0x0000000000001f15      0xb65 STM32F103C8T6/STM32_F103C6_I2C-Driver.o
 .debug_line    0x0000000000002a7a      0x91d STM32F103C8T6/STM32_F103C6_SPI-Driver.o
 .debug_line    0x0000000000003397      0x8a4 STM32F103C8T6/STM32_F103C6_USART-Driver.o
 .debug_line    0x0000000000003c3b      0x517 Src/main.o
 .debug_line    0x0000000000004152       0x84 Startup/startup_stm32f103c8tx.o

.debug_str      0x0000000000000000    0x142e0
 .debug_str     0x0000000000000000     0x982d MY_RTOS/CortexMX_OS_Porting.o
                                       0x99c8 (size before relaxing)
 .debug_str     0x000000000000982d     0x44af MY_RTOS/MYRTOS_FIFO.o
                                       0xdc4e (size before relaxing)
 .debug_str     0x000000000000dcdc      0x329 MY_RTOS/Scheduler.o
                                       0xdf42 (size before relaxing)
 .debug_str     0x000000000000e005     0x4b3f STM32F103C8T6/STM32_F103C6_EXTI-Driver.o
                                       0xac79 (size before relaxing)
 .debug_str     0x0000000000012b44      0x7a0 STM32F103C8T6/STM32_F103C6_I2C-Driver.o
                                       0x9eb3 (size before relaxing)
 .debug_str     0x00000000000132e4      0x7d0 STM32F103C8T6/STM32_F103C6_SPI-Driver.o
                                       0x9eec (size before relaxing)
 .debug_str     0x0000000000013ab4      0x788 STM32F103C8T6/STM32_F103C6_USART-Driver.o
                                       0xb291 (size before relaxing)
 .debug_str     0x000000000001423c       0x75 Src/main.o
                                       0x9894 (size before relaxing)
 .debug_str     0x00000000000142b1       0x2f Startup/startup_stm32f103c8tx.o
                                         0x61 (size before relaxing)

.comment        0x0000000000000000       0xbe
 .comment       0x0000000000000000       0x7b MY_RTOS/CortexMX_OS_Porting.o
                                         0x7c (size before relaxing)
 .comment       0x000000000000007b       0x7c MY_RTOS/MYRTOS_FIFO.o
 .comment       0x000000000000007b       0x7c MY_RTOS/Scheduler.o
 .comment       0x000000000000007b       0x43 STM32F103C8T6/STM32_F103C6_EXTI-Driver.o
                                         0x44 (size before relaxing)
 .comment       0x00000000000000be       0x44 STM32F103C8T6/STM32_F103C6_I2C-Driver.o
 .comment       0x00000000000000be       0x44 STM32F103C8T6/STM32_F103C6_SPI-Driver.o
 .comment       0x00000000000000be       0x44 STM32F103C8T6/STM32_F103C6_USART-Driver.o
 .comment       0x00000000000000be       0x7c Src/main.o

.debug_frame    0x0000000000000000      0xc20
 .debug_frame   0x0000000000000000      0x140 MY_RTOS/CortexMX_OS_Porting.o
 .debug_frame   0x0000000000000140       0xd8 MY_RTOS/MYRTOS_FIFO.o
 .debug_frame   0x0000000000000218      0x270 MY_RTOS/Scheduler.o
 .debug_frame   0x0000000000000488      0x18c STM32F103C8T6/STM32_F103C6_EXTI-Driver.o
 .debug_frame   0x0000000000000614      0x288 STM32F103C8T6/STM32_F103C6_I2C-Driver.o
 .debug_frame   0x000000000000089c      0x148 STM32F103C8T6/STM32_F103C6_SPI-Driver.o
 .debug_frame   0x00000000000009e4      0x14c STM32F103C8T6/STM32_F103C6_USART-Driver.o
 .debug_frame   0x0000000000000b30       0xa4 Src/main.o
 .debug_frame   0x0000000000000bd4       0x2c c:/st/stm32cubeide_1.4.0/stm32cubeide/plugins/com.st.stm32cube.ide.mcu.externaltools.gnu-tools-for-stm32.7-2018-q2-update.win32_1.4.0.202007081208/tools/bin/../lib/gcc/arm-none-eabi/7.3.1/../../../../arm-none-eabi/lib/thumb/v7-m\libc_nano.a(lib_a-init.o)
 .debug_frame   0x0000000000000c00       0x20 c:/st/stm32cubeide_1.4.0/stm32cubeide/plugins/com.st.stm32cube.ide.mcu.externaltools.gnu-tools-for-stm32.7-2018-q2-update.win32_1.4.0.202007081208/tools/bin/../lib/gcc/arm-none-eabi/7.3.1/../../../../arm-none-eabi/lib/thumb/v7-m\libc_nano.a(lib_a-strcmp.o)
